[1/55] Linking CXX executable timing_tests.exe
[2/55] Linking CXX executable config_tests.exe
[3/55] Scanning C:\Users\UserName\Dev\HellEngine\tests\benchmark_suite.cpp for CXX dependencies
[4/55] Scanning C:\Users\UserName\Dev\HellEngine\tests\defensive_special_tests.cpp for CXX dependencies
[5/55] Scanning C:\Users\UserName\Dev\HellEngine\tests\determinism_cross_config_test.cpp for CXX dependencies
[6/55] Generating CXX dyndep file CMakeFiles\benchmark_suite_tests.dir\CXX.dd
[7/55] Generating CXX dyndep file CMakeFiles\defensive_special_tests.dir\CXX.dd
[8/55] Generating CXX dyndep file CMakeFiles\determinism_cross_config_test.dir\CXX.dd
[9/55] Scanning C:\Users\UserName\Dev\HellEngine\tests\projectile_behavior_tests.cpp for CXX dependencies
[10/55] Scanning C:\Users\UserName\Dev\HellEngine\tests\determinism_property_tests.cpp for CXX dependencies
[11/55] Generating CXX dyndep file CMakeFiles\projectile_behavior_tests.dir\CXX.dd
[12/55] Generating CXX dyndep file CMakeFiles\determinism_property_tests.dir\CXX.dd
[13/55] Linking CXX executable render2d_tests.exe
[14/55] Linking CXX executable projectile_tests.exe
[15/55] Linking CXX executable EngineDemo.exe
[16/55] Linking CXX executable content_import_pipeline_tests.exe
[17/55] Linking CXX executable pattern_tests.exe
[18/55] Linking CXX executable content_packer_tests.exe
[19/55] Linking CXX executable trait_tests.exe
[20/55] Linking CXX executable archetype_tests.exe
[21/55] Linking CXX executable entity_tests.exe
[22/55] Linking CXX executable run_structure_tests.exe
[23/55] Linking CXX executable meta_progression_tests.exe
[24/55] Linking CXX executable boss_phase_tests.exe
[25/55] Linking CXX executable persistence_tests.exe
[26/55] Linking CXX executable editor_tools_tests.exe
[27/55] Linking CXX executable replay_tests.exe
[28/55] Linking CXX executable upgrade_ui_tests.exe
[29/55] Linking CXX executable upgrade_ui_model_tests.exe
[30/55] Linking CXX executable pattern_generator_tests.exe
[31/55] Linking CXX executable pattern_graph_tests.exe
[32/55] Linking CXX executable pattern_graph_perf_tests.exe
[33/55] Linking CXX executable encounter_graph_tests.exe
[34/55] Linking CXX executable difficulty_scaling_tests.exe
[35/55] Linking CXX executable gpu_bullets_tests.exe
[36/55] Linking CXX executable diagnostics_tests.exe
[37/55] Linking CXX executable golden_replay_tests.exe
[38/55] Linking CXX executable palette_fx_templates_tests.exe
[39/55] Linking CXX executable modern_renderer_tests.exe
[40/55] Linking CXX executable public_api_tests.exe
[41/55] Linking CXX executable renderer_smoke_tests.exe
[42/55] Linking CXX executable standards_tests.exe
[43/55] Linking CXX executable collision_correctness_tests.exe
[44/55] Linking CXX executable content_fuzz_tests.exe
[45/55] Linking CXX executable gameplay_session_state_tests.exe
[46/55] Building CXX object CMakeFiles\determinism_cross_config_test.dir\tests\determinism_cross_config_test.cpp.obj
[47/55] Building CXX object CMakeFiles\benchmark_suite_tests.dir\tests\benchmark_suite.cpp.obj
[48/55] Building CXX object CMakeFiles\defensive_special_tests.dir\tests\defensive_special_tests.cpp.obj
[49/55] Building CXX object CMakeFiles\projectile_behavior_tests.dir\tests\projectile_behavior_tests.cpp.obj
[50/55] Linking CXX executable determinism_cross_config_test.exe
[51/55] Linking CXX executable benchmark_suite_tests.exe
[52/55] Linking CXX executable defensive_special_tests.exe
[53/55] Building CXX object CMakeFiles\determinism_property_tests.dir\tests\determinism_property_tests.cpp.obj
[54/55] Linking CXX executable projectile_behavior_tests.exe
[55/55] Linking CXX executable determinism_property_tests.exe
